// Jest Snapshot v1, https://goo.gl/fbAQLP

exports[`app should be match to snapshot 1`] = `
ShallowWrapper {
  "length": 1,
  Symbol(enzyme.__root__): [Circular],
  Symbol(enzyme.__unrendered__): <App />,
  Symbol(enzyme.__renderer__): Object {
    "batchedUpdates": [Function],
    "getNode": [Function],
    "render": [Function],
    "simulateEvent": [Function],
    "unmount": [Function],
  },
  Symbol(enzyme.__node__): Object {
    "instance": null,
    "key": undefined,
    "nodeType": "host",
    "props": Object {
      "children": Array [
        <h2>
          Hello, arui-scripts!
        </h2>,
        "Check hot-loader: ",
        <br />,
        "Button is clicked ",
        0,
        " times Clicked more than 10 times? ",
        <br />,
        "No",
        <button
          className="btn"
          onClick={[Function]}
        >
          Up!
          <img
            className="icon"
            src="clock.svg"
          />
        </button>,
      ],
      "className": undefined,
    },
    "ref": null,
    "rendered": Array [
      Object {
        "instance": null,
        "key": undefined,
        "nodeType": "host",
        "props": Object {
          "children": "Hello, arui-scripts!",
        },
        "ref": null,
        "rendered": "Hello, arui-scripts!",
        "type": "h2",
      },
      "Check hot-loader: ",
      Object {
        "instance": null,
        "key": undefined,
        "nodeType": "host",
        "props": Object {},
        "ref": null,
        "rendered": null,
        "type": "br",
      },
      "Button is clicked ",
      0,
      " times Clicked more than 10 times? ",
      Object {
        "instance": null,
        "key": undefined,
        "nodeType": "host",
        "props": Object {},
        "ref": null,
        "rendered": null,
        "type": "br",
      },
      "No",
      Object {
        "instance": null,
        "key": undefined,
        "nodeType": "host",
        "props": Object {
          "children": Array [
            "Up!",
            <img
              className="icon"
              src="clock.svg"
            />,
          ],
          "className": "btn",
          "onClick": [Function],
        },
        "ref": null,
        "rendered": Array [
          "Up!",
          Object {
            "instance": null,
            "key": undefined,
            "nodeType": "host",
            "props": Object {
              "className": "icon",
              "src": "clock.svg",
            },
            "ref": null,
            "rendered": null,
            "type": "img",
          },
        ],
        "type": "button",
      },
    ],
    "type": "div",
  },
  Symbol(enzyme.__nodes__): Array [
    Object {
      "instance": null,
      "key": undefined,
      "nodeType": "host",
      "props": Object {
        "children": Array [
          <h2>
            Hello, arui-scripts!
          </h2>,
          "Check hot-loader: ",
          <br />,
          "Button is clicked ",
          0,
          " times Clicked more than 10 times? ",
          <br />,
          "No",
          <button
            className="btn"
            onClick={[Function]}
          >
            Up!
            <img
              className="icon"
              src="clock.svg"
            />
          </button>,
        ],
        "className": undefined,
      },
      "ref": null,
      "rendered": Array [
        Object {
          "instance": null,
          "key": undefined,
          "nodeType": "host",
          "props": Object {
            "children": "Hello, arui-scripts!",
          },
          "ref": null,
          "rendered": "Hello, arui-scripts!",
          "type": "h2",
        },
        "Check hot-loader: ",
        Object {
          "instance": null,
          "key": undefined,
          "nodeType": "host",
          "props": Object {},
          "ref": null,
          "rendered": null,
          "type": "br",
        },
        "Button is clicked ",
        0,
        " times Clicked more than 10 times? ",
        Object {
          "instance": null,
          "key": undefined,
          "nodeType": "host",
          "props": Object {},
          "ref": null,
          "rendered": null,
          "type": "br",
        },
        "No",
        Object {
          "instance": null,
          "key": undefined,
          "nodeType": "host",
          "props": Object {
            "children": Array [
              "Up!",
              <img
                className="icon"
                src="clock.svg"
              />,
            ],
            "className": "btn",
            "onClick": [Function],
          },
          "ref": null,
          "rendered": Array [
            "Up!",
            Object {
              "instance": null,
              "key": undefined,
              "nodeType": "host",
              "props": Object {
                "className": "icon",
                "src": "clock.svg",
              },
              "ref": null,
              "rendered": null,
              "type": "img",
            },
          ],
          "type": "button",
        },
      ],
      "type": "div",
    },
  ],
  Symbol(enzyme.__options__): Object {
    "adapter": ReactSixteenAdapter {
      "options": Object {
        "enableComponentDidUpdateOnSetState": true,
        "lifecycles": Object {
          "componentDidUpdate": Object {
            "onSetState": true,
          },
          "getSnapshotBeforeUpdate": true,
        },
      },
    },
  },
}
`;
